<results xmlns:xsi="http://www.w3.org/2001/XMLSchema-instance" xsi:noNamespaceSchemaLocation="results.xsd">
<team id="14" score="3190" time="23:59:59" penalty="0" category="MO"><member firstname="Nigel" lastname="Aylott" country="AUS" /><member firstname="Iiro" lastname="Kakko" country="FIN" /></team>
<team id="37" score="3050" time="23:59:59" penalty="0" category="MO"><member firstname="Greg" lastname="Barbour" country="NZL" /><member firstname="David" lastname="Rowlands" country="AUS" /></team>
<team id="33" score="2860" time="23:59:59" penalty="0" category="MO"><member firstname="Mattias" lastname="Baath" country="SWE" /><member firstname="Lars" lastname="Schagerstrom" country="SWE" /></team>
<team id="12" score="2480" time="23:59:59" penalty="0" category="MO"><member firstname="Peter" lastname="Mair" country="CAN" /><member firstname="Allan" lastname="Stradeski" country="CAN" /></team>
<team id="86" score="2470" time="23:59:59" penalty="0" category="MV"><member firstname="Paul" lastname="Hoopman" country="AUS" /><member firstname="Andrew" lastname="McComb" country="AUS" /></team>
<team id="22" score="2420" time="23:59:59" penalty="0" category="MO"><member firstname="David" lastname="Baldwin" country="AUS" /><member firstname="Francis" lastname="Falardeau" country="CAN" /></team>
<team id="84" score="2420" time="23:59:59" penalty="0" category="MV"><member firstname="Rod" lastname="Gray" country="AUS" /><member firstname="Geoff" lastname="Lawford" country="AUS" /></team>
<team id="36" score="2400" time="23:59:59" penalty="0" category="MO"><member firstname="Ernst" lastname="Linder" country="USA" /><member firstname="Alar" lastname="Ruutopold" country="USA" /></team>
<team id="100" score="2300" time="23:59:59" penalty="0" category="MV"><member firstname="Grant" lastname="Jeffrey" country="AUS" /><member firstname="Derek" lastname="Morris" country="AUS" /></team>
<team id="1" score="2210" time="23:59:59" penalty="0" category="WO"><member firstname="Catherine" lastname="Hagen" country="CAN" /><member firstname="Pam" lastname="James" country="CAN" /></team>
<team id="107" score="2180" time="23:59:59" penalty="0" category="XV"><member firstname="Helen" lastname="Bailey" country="AUS" /><member firstname="Richard" lastname="Matthews" country="AUS" /></team>
<team id="129" score="2160" time="23:59:59" penalty="0" category="MO"><member firstname="Sean" lastname="Mather" country="AUS" /><member firstname="Jeremy" lastname="Welbourne" country="AUS" /></team>
<team id="67" score="2150" time="23:59:59" penalty="0" category="MSV"><member firstname="Bill" lastname="Kennedy" country="NZL" /><member firstname="Peter" lastname="Squires" country="NZL" /></team>
<team id="50" score="2120" time="23:59:59" penalty="0" category="XO"><member firstname="Abbi" lastname="May" country="CAN" /><member firstname="Brian" lastname="May" country="CAN" /></team>
<team id="85" score="2120" time="23:59:59" penalty="0" category="MV"><member firstname="Ron" lastname="Grayson" country="USA" /><member firstname="Andy" lastname="Hemsted" country="GBR" /></team>
<team id="99" score="2090" time="23:59:59" penalty="0" category="MV"><member firstname="Tony" lastname="Gazley" country="NZL" /><member firstname="Chris" lastname="Tait" country="NZL" /></team>
<team id="121" score="2000" time="23:59:59" penalty="0" category="MV"><member firstname="Leigh" lastname="Privett" country="AUS" /><member firstname="Rob" lastname="Taylor" country="AUS" /></team>
<team id="39" score="1980" time="23:59:59" penalty="0" category="MO"><member firstname="Chris" lastname="Benn" country="AUS" /><member firstname="Ron" lastname="Weibrecht" country="AUS" /></team>
<team id="44" score="1930" time="23:59:59" penalty="0" category="MO"><member firstname="Mike" lastname="Hotchkis" country="AUS" /><member firstname="Ian" lastname="Nerrie" country="AUS" /></team>
<team id="19" score="1920" time="23:59:59" penalty="0" category="MO"><member firstname="Mark" lastname="Tarnopolsky" country="CAN" /><member firstname="Mike" lastname="Waddington" country="CAN" /></team>
<team id="7" score="1920" time="23:59:59" penalty="0" category="WO"><member firstname="Marnie" lastname="Holmes" country="AUS" /><member firstname="Netta" lastname="Holmes" country="AUS" /></team>
<team id="98" score="1880" time="23:59:59" penalty="0" category="MV"><member firstname="Vernon" lastname="Brake" country="USA" /><member firstname="Ron" lastname="Hudson" country="USA" /></team>
<team id="109" score="1800" time="23:59:59" penalty="0" category="XV"><member firstname="Eric" lastname="Smith" country="USA" /><member firstname="Mary" lastname="Smith" country="USA" /></team>
<team id="34" score="1790" time="23:59:59" penalty="0" category="MO"><member firstname="Gustav" lastname="Nordlund" country="SWE" /><member firstname="Lars-Ake" lastname="Svensk" country="SWE" /></team>
<team id="21" score="1770" time="23:59:59" penalty="0" category="MO"><member firstname="Geraint" lastname="Edmunds" country="CAN" /><member firstname="Timothy" lastname="Edmunds" country="CAN" /></team>
<team id="90" score="1760" time="23:59:59" penalty="0" category="MV"><member firstname="Andy" lastname="Buchanan" country="NZL" /><member firstname="Dave" lastname="Laurie" country="NZL" /></team>
<team id="88" score="1740" time="23:59:59" penalty="0" category="MV"><member firstname="Michael" lastname="Wood" country="NZL" /><member firstname="Ted" lastname="van Geldermalsen" country="NZL" /></team>
<team id="105" score="1740" time="23:59:59" penalty="0" category="XV"><member firstname="Ann" lastname="Leonard" country="USA" /><member firstname="Charles" lastname="Leonard" country="USA" /></team>
<team id="113" score="1730" time="23:59:59" penalty="0" category="XV"><member firstname="Peter" lastname="Grover" country="AUS" /><member firstname="Denise" lastname="Pike" country="AUS" /></team>
<team id="35" score="1710" time="23:59:59" penalty="0" category="MO"><member firstname="Mats" lastname="Johansson" country="SWE" /><member firstname="Mattias" lastname="Sandqvist" country="SWE" /></team>
<team id="134" score="1690" time="23:59:59" penalty="0" category="MO"><member firstname="Hans" lastname="Fransson" country="SWE" /><member firstname="Vladimir" lastname="Gusiatnikov" country="USA" /><member firstname="Nigel" lastname="James" country="CAN" /></team>
<team id="93" score="1680" time="23:59:59" penalty="0" category="MV"><member firstname="Robert" lastname="Anglin" country="USA" /><member firstname="Kalon" lastname="Kelley" country="USA" /></team>
<team id="126" score="1680" time="23:59:59" penalty="0" category="MSV"><member firstname="Carson" lastname="Black" country="USA" /><member firstname="Orlyn" lastname="Skrien" country="USA" /></team>
<team id="119" score="1670" time="23:59:59" penalty="0" category="MV"><member firstname="Bryan" lastname="Chubb" country="CAN" /><member firstname="Doug" lastname="Smith" country="CAN" /></team>
<team id="45" score="1640" time="23:59:59" penalty="0" category="MO"><member firstname="Ken" lastname="DeBeer" country="USA" /><member firstname="Rich" lastname="Ruid" country="USA" /></team>
<team id="125" score="1610" time="23:59:59" penalty="0" category="MO"><member firstname="Marvin" lastname="Eng" country="CAN" /><member firstname="Richard" lastname="Lay" country="CAN" /></team>
<team id="114" score="1550" time="23:59:59" penalty="0" category="XV"><member firstname="Ove" lastname="Albinsson" country="CAN" /><member firstname="Ilze" lastname="Rupners" country="CAN" /></team>
<team id="127" score="1530" time="23:59:59" penalty="0" category="MO"><member firstname="Ralph" lastname="Lindzon" country="CAN" /><member firstname="Charlie" lastname="Shahbazian" country="USA" /></team>
<team id="79" score="1530" time="23:59:59" penalty="0" category="WV"><member firstname="Sharon" lastname="Crawford" country="USA" /><member firstname="Beatrice" lastname="Zurcher-McBride" country="USA" /></team>
<team id="43" score="1520" time="23:59:59" penalty="0" category="MO"><member firstname="Steve" lastname="Gregg" country="USA" /><member firstname="Syd" lastname="Reader" country="USA" /></team>
<team id="82" score="1510" time="23:59:59" penalty="0" category="MV"><member firstname="Mike" lastname="Ackerfeldt" country="CAN" /><member firstname="John" lastname="Rance" country="CAN" /></team>
<team id="56" score="1480" time="23:59:59" penalty="0" category="XO"><member firstname="Marek" lastname="Dutkiewicz" country="CAN" /><member firstname="Mel" lastname="Dutkiewicz" country="CAN" /></team>
<team id="42" score="1480" time="23:59:59" penalty="0" category="MO"><member firstname="Tom" lastname="Possert" country="USA" /><member firstname="Tomas" lastname="Rusek" country="CZE" /></team>
<team id="30" score="1470" time="23:59:59" penalty="0" category="MO"><member firstname="Ross" lastname="Dawson" country="AUS" /><member firstname="David" lastname="Nicolson" country="AUS" /></team>
<team id="46" score="1450" time="23:59:59" penalty="0" category="MO"><member firstname="Alaric" lastname="Fish" country="CAN" /><member firstname="Paul" lastname="Watson" country="CAN" /></team>
<team id="94" score="1410" time="23:59:59" penalty="0" category="MV"><member firstname="Bryan" lastname="McClintock" country="AUS" /><member firstname="George" lastname="Walker" country="AUS" /></team>
<team id="110" score="1400" time="23:59:59" penalty="0" category="XV"><member firstname="Trevor" lastname="Guthrie" country="AUS" /><member firstname="Meredyth" lastname="Sauer" country="AUS" /></team>
<team id="51" score="1400" time="23:59:59" penalty="0" category="XO"><member firstname="Rohan" lastname="Baxter" country="AUS" /><member firstname="Leanne" lastname="Haupt" country="AUS" /><member firstname="Phillip" lastname="Holman" country="AUS" /></team>
<team id="108" score="1380" time="23:59:59" penalty="0" category="XV"><member firstname="John" lastname="Chatwin" country="CAN" /><member firstname="Maureen" lastname="De Camp" country="CAN" /></team>
<team id="3" score="1350" time="23:59:59" penalty="0" category="WO"><member firstname="Hanna" lastname="Rangert" country="SWE" /><member firstname="Sandy" lastname="Smith" country="CAN" /><member firstname="Eva" lastname="Stalstad" country="SWE" /></team>
<team id="104" score="1350" time="23:59:59" penalty="0" category="XV"><member firstname="Sue" lastname="Clarke" country="AUS" /><member firstname="Julian" lastname="Ledger" country="AUS" /></team>
<team id="53" score="1350" time="23:59:59" penalty="0" category="XO"><member firstname="Darcy Ann" lastname="Lawhead" country="CAN" /><member firstname="Stephen" lastname="Lawhead" country="CAN" /></team>
<team id="11" score="1340" time="23:59:59" penalty="0" category="MO"><member firstname="Howard" lastname="Adam" country="CAN" /><member firstname="Desmond" lastname="Mott" country="CAN" /></team>
<team id="95" score="1300" time="23:59:59" penalty="0" category="MV"><member firstname="Rob" lastname="Beattie" country="AUS" /><member firstname="Phil" lastname="Scott" country="AUS" /></team>
<team id="97" score="1280" time="23:59:59" penalty="0" category="MV"><member firstname="Michael" lastname="Grayling" country="AUS" /><member firstname="Richard" lastname="Perry" country="AUS" /></team>
<team id="92" score="1270" time="23:59:59" penalty="0" category="MV"><member firstname="Murray" lastname="Haines" country="AUS" /><member firstname="Tony" lastname="Sullivan" country="AUS" /></team>
<team id="31" score="1240" time="23:59:59" penalty="0" category="MO"><member firstname="Randy" lastname="Benz" country="CAN" /><member firstname="Rob" lastname="Bernhardt" country="CAN" /><member firstname="Dave" lastname="Tilley" country="CAN" /></team>
<team id="106" score="1170" time="23:59:59" penalty="0" category="XV"><member firstname="Kitty" lastname="Jones" country="CAN" /><member firstname="Michael" lastname="Newson" country="CAN" /></team>
<team id="65" score="1160" time="23:59:59" penalty="0" category="MSV"><member firstname="Gordon" lastname="Birch" country="AUS" /><member firstname="John" lastname="Supanz" country="AUS" /></team>
<team id="89" score="1160" time="23:59:59" penalty="0" category="MV"><member firstname="Stewart" lastname="Lamon" country="CAN" /><member firstname="Don" lastname="Riddle" country="CAN" /><member firstname="Grant" lastname="Spelsberg" country="CAN" /></team>
<team id="133" score="1150" time="23:59:59" penalty="0" category="MO"><member firstname="Josh" lastname="Blake" country="USA" /><member firstname="Daniel" lastname="Pittman" country="USA" /></team>
<team id="26" score="1140" time="23:59:59" penalty="0" category="MO"><member firstname="J-J" lastname="Cote" country="USA" /><member firstname="Clinton" lastname="Morse" country="USA" /></team>
<team id="5" score="1140" time="23:59:59" penalty="0" category="WO"><member firstname="Keg" lastname="Good" country="USA" /><member firstname="Pat" lastname="Zerfas" country="USA" /></team>
<team id="2" score="1130" time="23:59:59" penalty="0" category="WO"><member firstname="Jenny" lastname="Casanova" country="AUS" /><member firstname="Christine" lastname="O'Keefe" country="AUS" /></team>
<team id="29" score="1110" time="23:59:59" penalty="0" category="MO"><member firstname="Howard" lastname="Halter" country="USA" /><member firstname="Steve" lastname="Stevens" country="USA" /></team>
<team id="59" score="1110" time="23:59:59" penalty="0" category="XO"><member firstname="Jacqui" lastname="Richards" country="CAN" /><member firstname="Mark" lastname="Richards" country="CAN" /><member firstname="Andrew" lastname="Tucker" country="CAN" /></team>
<team id="52" score="1100" time="23:59:59" penalty="0" category="XO"><member firstname="Jay R." lastname="MacDonald" country="CAN" /><member firstname="Nina" lastname="Waddington" country="CAN" /></team>
<team id="75" score="1090" time="23:59:59" penalty="0" category="XSV"><member firstname="Donna" lastname="Gookin" country="USA" /><member firstname="Edwin" lastname="Gookin" country="USA" /></team>
<team id="49" score="1080" time="23:59:59" penalty="0" category="XO"><member firstname="Petra" lastname="Malkova" country="CZE" /><member firstname="David" lastname="Rozek" country="CZE" /></team>
<team id="137" score="1050" time="23:59:59" penalty="0" category="MO" length="12"><member firstname="Ian" lastname="Schokking" country="CAN" /><member firstname="Alan" lastname="Wallis" country="GBR" /></team>
<team id="70" score="1030" time="23:59:59" penalty="0" category="XSV"><member firstname="Eva" lastname="Gaarder" country="CAN" /><member firstname="Per" lastname="Gaarder" country="CAN" /></team>
<team id="38" score="1000" time="23:59:59" penalty="0" category="MO"><member firstname="Dave" lastname="Karle" country="USA" /><member firstname="Mike" lastname="Snow" country="USA" /><member firstname="Brian" lastname="Taliesin" country="USA" /></team>
<team id="24" score="1000" time="23:59:59" penalty="0" category="MO"><member firstname="Joel" lastname="Rauschenbach" country="USA" /><member firstname="Ross" lastname="Smith" country="USA" /></team>
<team id="66" score="990" time="23:59:59" penalty="0" category="MSV"><member firstname="Gene" lastname="Brenda" country="CAN" /><member firstname="Don" lastname="Scott" country="CAN" /></team>
<team id="16" score="970" time="23:59:59" penalty="0" category="MO"><member firstname="Richard" lastname="Diamond" country="CAN" /><member firstname="Steve" lastname="King" country="CAN" /></team>
<team id="116" score="970" time="23:59:59" penalty="0" category="XV"><member firstname="Barry" lastname="May" country="CAN" /><member firstname="Judy" lastname="May" country="CAN" /></team>
<team id="131" score="960" time="23:59:59" penalty="0" category="MO"><member firstname="Bill" lastname="Petrachenko" country="CAN" /><member firstname="Michael" lastname="Petrachenko" country="CAN" /></team>
<team id="63" score="960" time="23:59:59" penalty="0" category="XO" length="12"><member firstname="Bill" lastname="Hobbins" country="CAN" /><member firstname="Ian" lastname="McLean" country="GBR" /><member firstname="Sue" lastname="Richards" country="CAN" /><member firstname="Greg" lastname="Yarkie" country="CAN" /></team>
<team id="4" score="950" time="23:59:59" penalty="0" category="WO"><member firstname="Elizabeth" lastname="Jennison" country="USA" /><member firstname="Debra J." lastname="Moore" country="USA" /></team>
<team id="32" score="950" time="23:59:59" penalty="0" category="MO"><member firstname="Bill" lastname="Green" country="USA" /><member firstname="Mat" lastname="Miller" country="USA" /></team>
<team id="15" score="940" time="23:59:59" penalty="0" category="MO"><member firstname="Jim" lastname="Russell" country="AUS" /><member firstname="Michael" lastname="Walters" country="AUS" /></team>
<team id="115" score="940" time="23:59:59" penalty="0" category="XV"><member firstname="Brenda" lastname="Allen" country="CAN" /><member firstname="Jim" lastname="Webster" country="CAN" /></team>
<team id="72" score="930" time="23:59:59" penalty="0" category="XSV"><member firstname="Jim" lastname="Waddington" country="CAN" /><member firstname="Sue" lastname="Waddington" country="CAN" /></team>
<team id="18" score="920" time="23:59:59" penalty="0" category="MO"><member firstname="Wayne" lastname="King" country="CAN" /><member firstname="George" lastname="Oala" country="CAN" /><member firstname="Mark" lastname="Swinkels" country="CAN" /></team>
<team id="6" score="920" time="23:59:59" penalty="0" category="WO"><member firstname="Amanda" lastname="Edmunds" country="CAN" /><member firstname="Jennifer" lastname="Michel" country="CAN" /></team>
<team id="25" score="880" time="23:59:59" penalty="0" category="MO"><member firstname="Mark" lastname="Hartinger" country="USA" /><member firstname="Eugene" lastname="Trahern" country="USA" /></team>
<team id="41" score="870" time="23:59:59" penalty="0" category="MO"><member firstname="Rob" lastname="Wolff" country="CAN" /><member firstname="Todd" lastname="Wolff" country="CAN" /></team>
<team id="111" score="860" time="23:59:59" penalty="0" category="XV"><member firstname="Nick" lastname="Collins" country="NZL" /><member firstname="Annie" lastname="Sanderson" country="NZL" /></team>
<team id="77" score="820" time="23:59:59" penalty="0" category="WV"><member firstname="Carol" lastname="De Rosa" country="CAN" /><member firstname="Shirley" lastname="Donald" country="CAN" /></team>
<team id="118" score="790" time="23:59:59" penalty="0" category="WO"><member firstname="Lori" lastname="Alexander" country="CAN" /><member firstname="Jude" lastname="Dawson" country="CAN" /><member firstname="Vivian" lastname="Morris" country="CAN" /><member firstname="Cheryl" lastname="Ogloff" country="CAN" /></team>
<team id="130" score="770" time="23:59:59" penalty="0" category="XO"><member firstname="Clare" lastname="Durand" country="USA" /><member firstname="Rafael" lastname="Gutierrez" country="USA" /></team>
<team id="87" score="770" time="23:59:59" penalty="0" category="MV" length="12"><member firstname="Curtis" lastname="Condon" country="USA" /><member firstname="Walter" lastname="Roland" country="USA" /></team>
<team id="61" score="730" time="23:59:59" penalty="0" category="XO"><member firstname="Peter" lastname="Gordon" country="AUS" /><member firstname="Rachel" lastname="Williams" country="AUS" /></team>
<team id="96" score="700" time="23:59:59" penalty="0" category="MV"><member firstname="Paul" lastname="Levens" country="CAN" /><member firstname="Brendan" lastname="Matthews" country="CAN" /></team>
<team id="135" score="700" time="23:59:59" penalty="0" category="MO"><member firstname="Andrew" lastname="Rennie" country="CAN" /><member firstname="Bruce" lastname="Rennie" country="CAN" /></team>
<team id="60" score="680" time="23:59:59" penalty="0" category="XO"><member firstname="Ellen" lastname="Boomer" country="USA" /><member firstname="Mike" lastname="Schuh" country="USA" /></team>
<team id="48" score="660" time="23:59:59" penalty="0" category="XV"><member firstname="Jennifer" lastname="Eastwood" country="CAN" /><member firstname="Fred" lastname="Philpot" country="CAN" /></team>
<team id="17" score="660" time="23:59:59" penalty="0" category="MO"><member firstname="Graham" lastname="Barnes" country="CAN" /><member firstname="Andrew" lastname="Bowman" country="CAN" /><member firstname="Neville" lastname="Bowman" country="CAN" /><member firstname="Steve" lastname="Grant" country="CAN" /><member firstname="Steve" lastname="Loken" country="CAN" /></team>
<team id="91" score="650" time="23:59:59" penalty="0" category="MV"><member firstname="Bob" lastname="Hodgins" country="CAN" /><member firstname="Doug" lastname="Sim" country="CAN" /></team>
<team id="128" score="630" time="23:59:59" penalty="0" category="MO"><member firstname="Doug" lastname="Hofstede" country="CAN" /><member firstname="Hank" lastname="van Weelden" country="CAN" /></team>
<team id="28" score="630" time="23:59:59" penalty="0" category="MO"><member firstname="David" lastname="McFarlane" country="AUS" /><member firstname="James" lastname="McFarlane" country="AUS" /></team>
<team id="27" score="540" time="23:59:59" penalty="0" category="MO"><member firstname="Chris" lastname="Ball" country="CAN" /><member firstname="Greg" lastname="Henderson" country="CAN" /></team>
<team id="69" score="530" time="23:59:59" penalty="0" category="XSV"><member firstname="Carl" lastname="Moore" country="USA" /><member firstname="Linda" lastname="Moore" country="USA" /></team>
<team id="123" score="480" time="23:59:59" penalty="0" category="MO" length="12"><member firstname="Dennis" lastname="Nicholson" country="USA" /><member firstname="Bob" lastname="Olson" country="USA" /><member firstname="Kent" lastname="Zammitt" country="USA" /></team>
<team id="23" score="480" time="23:59:59" penalty="0" category="MO"><member firstname="Tim" lastname="Downing" country="AUS" /><member firstname="Les" lastname="Stark" country="USA" /></team>
<team id="71" score="480" time="23:59:59" penalty="0" category="XSV"><member firstname="Gail" lastname="Hanna" country="USA" /><member firstname="Kenneth" lastname="Lew" country="USA" /><member firstname="Bob" lastname="Reddick" country="USA" /></team>
<team id="112" score="460" time="23:59:59" penalty="0" category="XV"><member firstname="Jack" lastname="Lee" country="CAN" /><member firstname="Lorraine" lastname="Rivers" country="CAN" /></team>
<team id="10" score="430" time="23:59:59" penalty="0" category="WO" length="12"><member firstname="Jenny" lastname="Pearson" country="USA" /><member firstname="Sandra" lastname="Zurcher" country="USA" /></team>
<team id="132" score="410" time="23:59:59" penalty="0" category="WO"><member firstname="Patricia" lastname="Johnson" country="CAN" /><member firstname="Pam" lastname="Meuwissen" country="CAN" /><member firstname="Judy" lastname="Scott" country="AUS" /></team>
<team id="78" score="400" time="23:59:59" penalty="0" category="WV"><member firstname="Karin" lastname="Andrews" country="CAN" /><member firstname="Jean" lastname="Gaucher" country="CAN" /></team>
<team id="76" score="390" time="23:59:59" penalty="0" category="WV"><member firstname="Nancy" lastname="Ackerfeldt" country="CAN" /><member firstname="Karen" lastname="Lachance" country="CAN" /></team>
<team id="47" score="340" time="23:59:59" penalty="0" category="XO"><member firstname="Martin" lastname="Pardoe" country="CAN" /><member firstname="Suzanne" lastname="Pearson" country="CAN" /></team>
<team id="74" score="330" time="23:59:59" penalty="0" category="XSV"><member firstname="Claire" lastname="Dell" country="USA" /><member firstname="Dan" lastname="Dell" country="USA" /></team>
<team id="117" score="320" time="23:59:59" penalty="0" category="WO"><member firstname="Nicole" lastname="Davis" country="AUS" /><member firstname="Jonna" lastname="Jannson" country="FIN" /></team>
<team id="55" score="320" time="23:59:59" penalty="0" category="XO"><member firstname="Jan" lastname="Massey" country="CAN" /><member firstname="Jules" lastname="Pryma" country="CAN" /></team>
<team id="57" score="320" time="23:59:59" penalty="0" category="XO"><member firstname="Jack" lastname="McLean" country="CAN" /><member firstname="Maggie" lastname="McLean" country="CAN" /></team>
<team id="122" score="300" time="23:59:59" penalty="0" category="MO" length="12"><member firstname="Dan" lastname="Barker" country="USA" /><member firstname="Nick" lastname="Kleeman-Keller" country="USA" /><member firstname="Andy" lastname="Nicholson" country="USA" /></team>
<team id="73" score="300" time="23:59:59" penalty="0" category="XSV"><member firstname="Kathy" lastname="Hamilton" country="AUS" /><member firstname="Peter" lastname="Hamilton" country="AUS" /></team>
<team id="54" score="290" time="23:59:59" penalty="0" category="MO"><member firstname="Jim" lastname="Hooper" country="CAN" /><member firstname="Mark" lastname="White" country="CAN" /></team>
<team id="58" score="270" time="23:59:59" penalty="0" category="XO"><member firstname="Anne" lastname="Bernhardt" country="CAN" /><member firstname="Karen" lastname="Bernhardt" country="CAN" /><member firstname="Susan" lastname="Bernhardt" country="CAN" /><member firstname="Anatole" lastname="Lorne" country="FRA" /></team>
<team id="138" score="270" time="23:59:59" penalty="0" category="MO"><member firstname="Graydon" lastname="Flanagan" country="CAN" /><member firstname="Neville" lastname="Flanagan" country="CAN" /><member firstname="James H." lastname="Fulton" country="CAN" /></team>
<team id="136" score="270" time="23:59:59" penalty="0" category="MO" length="12"><member firstname="Scott" lastname="Drumm" country="USA" /><member firstname="Stephen" lastname="Winkle" country="USA" /></team>
<team id="8" score="250" time="23:59:59" penalty="0" category="WO" length="12"><member firstname="Ingrid" lastname="Dagis" country="CAN" /><member firstname="Margo" lastname="Frigon" country="CAN" /><member firstname="Linda" lastname="Talbot" country="CAN" /></team>
<team id="9" score="190" time="23:59:59" penalty="0" category="WO" length="12"><member firstname="Alda" lastname="Behie" country="CAN" /><member firstname="Andrea" lastname="Behie" country="CAN" /></team>
<team id="80" score="180" time="23:59:59" penalty="0" category="WV"><member firstname="Anna" lastname="Dyke" country="CAN" /><member firstname="Linda" lastname="Woodbury" country="CAN" /></team>
<team id="103" score="160" time="23:59:59" penalty="0" category="XV"><member firstname="Debra" lastname="Lethbridge" country="AUS" /><member firstname="Nick" lastname="Lethbridge" country="AUS" /></team>
<team id="124" score="130" time="23:59:59" penalty="0" category="WO" length="12"><member firstname="Georgia" lastname="Kleeman-Keller" country="USA" /><member firstname="Chris" lastname="Nicholson" country="USA" /><member firstname="Samantha" lastname="Nicholson" country="USA" /></team>
<team id="20" score="0" time="23:59:59" penalty="0" category="MO"><member firstname="Mike" lastname="Smith" country="CAN" /><member firstname="Wil" lastname="Smith" country="CAN" /></team>
<team id="40" score="0" time="23:59:59" penalty="0" category="MO"><member firstname="Andrew" lastname="Hook" country="AUS" /><member firstname="Robert" lastname="Mueller" country="AUS" /></team>
<team id="62" score="0" time="23:59:59" penalty="0" category="XO"><member firstname="Ian" lastname="Adamson" country="USA" /><member firstname="Robyn" lastname="Benincasa" country="USA" /><member firstname="John" lastname="Howard" country="USA" /><member firstname="Robert" lastname="Nagle" country="USA" /><member firstname="Duncan" lastname="Smith" country="USA" /></team>
<team id="68" score="0" time="23:59:59" penalty="0" category="XSV"><member firstname="Udo" lastname="Grady" country="CAN" /><member firstname="Ursula" lastname="Grady" country="CAN" /></team>
<team id="83" score="0" time="23:59:59" penalty="0" category="MV"><member firstname="Peter" lastname="Merrotsy" country="AUS" /><member firstname="Richard" lastname="Robinson" country="AUS" /></team>
<team id="101" score="0" time="23:59:59" penalty="0" category="MV"><member firstname="Ron" lastname="Andrews" country="CAN" /><member firstname="Maurice" lastname="Gaucher" country="CAN" /><member firstname="Phil" lastname="Youwe" country="CAN" /></team>
<team id="102" score="0" time="23:59:59" penalty="0" category="MV"><member firstname="Peter" lastname="Gagarin" country="USA" /><member firstname="Fred" lastname="Pilon" country="USA" /></team>
</results>